Archive member included to satisfy reference by file (symbol)

d:/Quartus/Cronometro/Laboratorio1/software/led_example_bsp/\libhal_bsp.a(alt_iic.o)
                              obj/default/hello_world_small.o (alt_ic_isr_register)
d:/Quartus/Cronometro/Laboratorio1/software/led_example_bsp/\libhal_bsp.a(alt_iic_isr_register.o)
                              d:/Quartus/Cronometro/Laboratorio1/software/led_example_bsp/\libhal_bsp.a(alt_iic.o) (alt_iic_isr_register)
d:/Quartus/Cronometro/Laboratorio1/software/led_example_bsp/\libhal_bsp.a(alt_irq_entry.o)
                              d:/Quartus/Cronometro/Laboratorio1/software/led_example_bsp/\libhal_bsp.a(alt_iic_isr_register.o) (alt_irq_entry)
d:/Quartus/Cronometro/Laboratorio1/software/led_example_bsp/\libhal_bsp.a(alt_irq_handler.o)
                              d:/Quartus/Cronometro/Laboratorio1/software/led_example_bsp/\libhal_bsp.a(alt_iic_isr_register.o) (alt_irq_handler)
d:/Quartus/Cronometro/Laboratorio1/software/led_example_bsp/\libhal_bsp.a(alt_irq_vars.o)
                              d:/Quartus/Cronometro/Laboratorio1/software/led_example_bsp/\libhal_bsp.a(alt_iic.o) (alt_irq_active)
d:/Quartus/Cronometro/Laboratorio1/software/led_example_bsp/\libhal_bsp.a(alt_load.o)
                              d:/Quartus/Cronometro/Laboratorio1/software/led_example_bsp//obj/HAL/src/crt0.o (alt_load)
d:/Quartus/Cronometro/Laboratorio1/software/led_example_bsp/\libhal_bsp.a(alt_main.o)
                              d:/Quartus/Cronometro/Laboratorio1/software/led_example_bsp//obj/HAL/src/crt0.o (alt_main)
d:/Quartus/Cronometro/Laboratorio1/software/led_example_bsp/\libhal_bsp.a(alt_sys_init.o)
                              d:/Quartus/Cronometro/Laboratorio1/software/led_example_bsp/\libhal_bsp.a(alt_main.o) (alt_irq_init)
d:/Quartus/Cronometro/Laboratorio1/software/led_example_bsp/\libhal_bsp.a(alt_dcache_flush_all.o)
                              d:/Quartus/Cronometro/Laboratorio1/software/led_example_bsp/\libhal_bsp.a(alt_load.o) (alt_dcache_flush_all)
d:/Quartus/Cronometro/Laboratorio1/software/led_example_bsp/\libhal_bsp.a(alt_exception_entry.o)
                              d:/Quartus/Cronometro/Laboratorio1/software/led_example_bsp/\libhal_bsp.a(alt_irq_entry.o) (alt_exception)
d:/Quartus/Cronometro/Laboratorio1/software/led_example_bsp/\libhal_bsp.a(alt_icache_flush_all.o)
                              d:/Quartus/Cronometro/Laboratorio1/software/led_example_bsp/\libhal_bsp.a(alt_load.o) (alt_icache_flush_all)
d:/Quartus/Cronometro/Laboratorio1/software/led_example_bsp/\libhal_bsp.a(alt_instruction_exception_entry.o)
                              d:/Quartus/Cronometro/Laboratorio1/software/led_example_bsp/\libhal_bsp.a(alt_exception_entry.o) (alt_instruction_exception_entry)
d:/Quartus/Cronometro/Laboratorio1/software/led_example_bsp/\libhal_bsp.a(altera_nios2_gen2_irq.o)
                              d:/Quartus/Cronometro/Laboratorio1/software/led_example_bsp/\libhal_bsp.a(alt_sys_init.o) (altera_nios2_gen2_irq_init)
d:/quartus/exec/nios2eds/bin/gnu/h-x86_64-mingw32/bin/../lib/gcc/nios2-elf/10.1.1/../../../../../H-x86_64-mingw32/nios2-elf/lib/mno-hw-mul\libsmallc.a(lib_a-memcpy.o)
                              d:/Quartus/Cronometro/Laboratorio1/software/led_example_bsp/\libhal_bsp.a(alt_load.o) (memcpy)

Memory Configuration

Name             Origin             Length             Attributes
reset            0x0000000000000000 0x0000000000000020
rom_0            0x0000000000000020 0x0000000000000fe0
ram_0            0x0000000000001000 0x0000000000001000
*default*        0x0000000000000000 0xffffffffffffffff

Linker script and memory map

LOAD d:/Quartus/Cronometro/Laboratorio1/software/led_example_bsp//obj/HAL/src/crt0.o
LOAD obj/default/hello_world_small.o
LOAD d:/quartus/exec/nios2eds/bin/gnu/h-x86_64-mingw32/bin/../lib/gcc/nios2-elf/10.1.1/../../../../../H-x86_64-mingw32/nios2-elf/lib/mno-hw-mul\libstdc++.a
LOAD d:/quartus/exec/nios2eds/bin/gnu/h-x86_64-mingw32/bin/../lib/gcc/nios2-elf/10.1.1/../../../../../H-x86_64-mingw32/nios2-elf/lib/mno-hw-mul\libm.a
LOAD d:/quartus/exec/nios2eds/bin/gnu/h-x86_64-mingw32/bin/../lib/gcc/nios2-elf/10.1.1/mno-hw-mul\libgcc.a
START GROUP
LOAD d:/quartus/exec/nios2eds/bin/gnu/h-x86_64-mingw32/bin/../lib/gcc/nios2-elf/10.1.1/../../../../../H-x86_64-mingw32/nios2-elf/lib/mno-hw-mul\libsmallc.a
LOAD d:/quartus/exec/nios2eds/bin/gnu/h-x86_64-mingw32/bin/../lib/gcc/nios2-elf/10.1.1/mno-hw-mul\libgcc.a
LOAD d:/Quartus/Cronometro/Laboratorio1/software/led_example_bsp/\libhal_bsp.a
LOAD d:/quartus/exec/nios2eds/bin/gnu/h-x86_64-mingw32/bin/../lib/gcc/nios2-elf/10.1.1/../../../../../H-x86_64-mingw32/nios2-elf/lib/mno-hw-mul\libm.a
END GROUP
LOAD d:/quartus/exec/nios2eds/bin/gnu/h-x86_64-mingw32/bin/../lib/gcc/nios2-elf/10.1.1/mno-hw-mul\libgcc.a
                0x0000000000000000                __alt_mem_rom_0 = 0x0
                0x0000000000001000                __alt_mem_ram_0 = 0x1000

.entry          0x0000000000000000       0x20
 *(.entry)
 .entry         0x0000000000000000       0x20 d:/Quartus/Cronometro/Laboratorio1/software/led_example_bsp//obj/HAL/src/crt0.o
                0x0000000000000000                __reset
                0x000000000000000c                _exit

.exceptions     0x0000000000000020      0x160
                0x0000000000000020                PROVIDE (__ram_exceptions_start = ABSOLUTE (.))
                0x0000000000000020                . = ALIGN (0x20)
 *(.irq)
 *(.exceptions.entry.label)
 .exceptions.entry.label
                0x0000000000000020        0x0 d:/Quartus/Cronometro/Laboratorio1/software/led_example_bsp/\libhal_bsp.a(alt_irq_entry.o)
                0x0000000000000020                alt_irq_entry
 .exceptions.entry.label
                0x0000000000000020        0x0 d:/Quartus/Cronometro/Laboratorio1/software/led_example_bsp/\libhal_bsp.a(alt_exception_entry.o)
                0x0000000000000020                alt_exception
 *(.exceptions.entry.user)
 *(.exceptions.entry.ecc_fatal)
 *(.exceptions.entry)
 .exceptions.entry
                0x0000000000000020       0x54 d:/Quartus/Cronometro/Laboratorio1/software/led_example_bsp/\libhal_bsp.a(alt_exception_entry.o)
 *(.exceptions.irqtest.user)
 *(.exceptions.irqtest)
 .exceptions.irqtest
                0x0000000000000074       0x10 d:/Quartus/Cronometro/Laboratorio1/software/led_example_bsp/\libhal_bsp.a(alt_irq_entry.o)
 *(.exceptions.irqhandler.user)
 *(.exceptions.irqhandler)
 .exceptions.irqhandler
                0x0000000000000084        0x4 d:/Quartus/Cronometro/Laboratorio1/software/led_example_bsp/\libhal_bsp.a(alt_irq_entry.o)
 *(.exceptions.irqreturn.user)
 *(.exceptions.irqreturn)
 .exceptions.irqreturn
                0x0000000000000088        0x4 d:/Quartus/Cronometro/Laboratorio1/software/led_example_bsp/\libhal_bsp.a(alt_irq_entry.o)
 *(.exceptions.notirq.label)
 .exceptions.notirq.label
                0x000000000000008c        0x0 d:/Quartus/Cronometro/Laboratorio1/software/led_example_bsp/\libhal_bsp.a(alt_irq_entry.o)
 *(.exceptions.notirq.user)
 *(.exceptions.notirq)
 .exceptions.notirq
                0x000000000000008c        0x8 d:/Quartus/Cronometro/Laboratorio1/software/led_example_bsp/\libhal_bsp.a(alt_exception_entry.o)
 *(.exceptions.soft.user)
 *(.exceptions.soft)
 *(.exceptions.unknown.user)
 *(.exceptions.unknown)
 .exceptions.unknown
                0x0000000000000094       0x14 d:/Quartus/Cronometro/Laboratorio1/software/led_example_bsp/\libhal_bsp.a(alt_exception_entry.o)
 *(.exceptions.exit.label)
 .exceptions.exit.label
                0x00000000000000a8        0x0 d:/Quartus/Cronometro/Laboratorio1/software/led_example_bsp/\libhal_bsp.a(alt_irq_entry.o)
 .exceptions.exit.label
                0x00000000000000a8        0x0 d:/Quartus/Cronometro/Laboratorio1/software/led_example_bsp/\libhal_bsp.a(alt_exception_entry.o)
 *(.exceptions.exit.user)
 *(.exceptions.exit)
 .exceptions.exit
                0x00000000000000a8       0x54 d:/Quartus/Cronometro/Laboratorio1/software/led_example_bsp/\libhal_bsp.a(alt_exception_entry.o)
 *(.exceptions)
 .exceptions    0x00000000000000fc       0x60 d:/Quartus/Cronometro/Laboratorio1/software/led_example_bsp/\libhal_bsp.a(alt_irq_handler.o)
                0x00000000000000fc                alt_irq_handler
 .exceptions    0x000000000000015c       0x24 d:/Quartus/Cronometro/Laboratorio1/software/led_example_bsp/\libhal_bsp.a(alt_instruction_exception_entry.o)
                0x000000000000015c                alt_instruction_exception_entry
                0x0000000000000180                PROVIDE (__ram_exceptions_end = ABSOLUTE (.))
                0x0000000000000020                PROVIDE (__flash_exceptions_start = LOADADDR (.exceptions))

.text           0x0000000000000180      0x300
                [!provide]                        PROVIDE (stext = ABSOLUTE (.))
 *(.interp)
 *(.hash)
 *(.dynsym)
 *(.dynstr)
 *(.gnu.version)
 *(.gnu.version_d)
 *(.gnu.version_r)
 *(.rel.init)
 *(.rela.init)
 *(.rel.text .rel.text.* .rel.gnu.linkonce.t.*)
 *(.rela.text .rela.text.* .rela.gnu.linkonce.t.*)
 *(.rel.fini)
 *(.rela.fini)
 *(.rel.rodata .rel.rodata.* .rel.gnu.linkonce.r.*)
 *(.rela.rodata .rela.rodata.* .rela.gnu.linkonce.r.*)
 *(.rel.data .rel.data.* .rel.gnu.linkonce.d.*)
 *(.rela.data .rela.data.* .rela.gnu.linkonce.d.*)
 *(.rel.tdata .rel.tdata.* .rel.gnu.linkonce.td.*)
 *(.rela.tdata .rela.tdata.* .rela.gnu.linkonce.td.*)
 *(.rel.tbss .rel.tbss.* .rel.gnu.linkonce.tb.*)
 *(.rela.tbss .rela.tbss.* .rela.gnu.linkonce.tb.*)
 *(.rel.ctors)
 *(.rela.ctors)
 *(.rel.dtors)
 *(.rela.dtors)
 *(.rel.got)
 *(.rela.got)
 *(.rel.sdata .rel.sdata.* .rel.gnu.linkonce.s.*)
 *(.rela.sdata .rela.sdata.* .rela.gnu.linkonce.s.*)
 *(.rel.sbss .rel.sbss.* .rel.gnu.linkonce.sb.*)
 *(.rela.sbss .rela.sbss.* .rela.gnu.linkonce.sb.*)
 *(.rel.sdata2 .rel.sdata2.* .rel.gnu.linkonce.s2.*)
 *(.rela.sdata2 .rela.sdata2.* .rela.gnu.linkonce.s2.*)
 *(.rel.sbss2 .rel.sbss2.* .rel.gnu.linkonce.sb2.*)
 *(.rela.sbss2 .rela.sbss2.* .rela.gnu.linkonce.sb2.*)
 *(.rel.bss .rel.bss.* .rel.gnu.linkonce.b.*)
 *(.rela.bss .rela.bss.* .rela.gnu.linkonce.b.*)
 *(.rel.plt)
 *(.rela.plt)
 *(.rel.dyn)
 *(.init)
 *(.plt)
 *(.text .stub .text.* .gnu.linkonce.t.*)
 .text          0x0000000000000180       0x3c d:/Quartus/Cronometro/Laboratorio1/software/led_example_bsp//obj/HAL/src/crt0.o
                0x0000000000000180                _start
 .text          0x00000000000001bc       0x24 obj/default/hello_world_small.o
 .text.startup  0x00000000000001e0       0x30 obj/default/hello_world_small.o
                0x00000000000001e0                main
 .text          0x0000000000000210       0x8c d:/Quartus/Cronometro/Laboratorio1/software/led_example_bsp/\libhal_bsp.a(alt_iic.o)
                0x0000000000000210                alt_ic_isr_register
                0x0000000000000214                alt_ic_irq_enable
                0x000000000000024c                alt_ic_irq_disable
                0x0000000000000284                alt_ic_irq_enabled
 .text          0x000000000000029c       0x68 d:/Quartus/Cronometro/Laboratorio1/software/led_example_bsp/\libhal_bsp.a(alt_iic_isr_register.o)
                0x000000000000029c                alt_iic_isr_register
 .text          0x0000000000000304        0x0 d:/Quartus/Cronometro/Laboratorio1/software/led_example_bsp/\libhal_bsp.a(alt_irq_entry.o)
 .text          0x0000000000000304        0x0 d:/Quartus/Cronometro/Laboratorio1/software/led_example_bsp/\libhal_bsp.a(alt_irq_handler.o)
 .text          0x0000000000000304        0x0 d:/Quartus/Cronometro/Laboratorio1/software/led_example_bsp/\libhal_bsp.a(alt_irq_vars.o)
 .text          0x0000000000000304       0x84 d:/Quartus/Cronometro/Laboratorio1/software/led_example_bsp/\libhal_bsp.a(alt_load.o)
                0x0000000000000304                alt_load
 .text          0x0000000000000388       0x2c d:/Quartus/Cronometro/Laboratorio1/software/led_example_bsp/\libhal_bsp.a(alt_main.o)
                0x0000000000000388                alt_main
 .text          0x00000000000003b4       0x24 d:/Quartus/Cronometro/Laboratorio1/software/led_example_bsp/\libhal_bsp.a(alt_sys_init.o)
                0x00000000000003b4                alt_irq_init
                0x00000000000003d4                alt_sys_init
 .text          0x00000000000003d8        0x4 d:/Quartus/Cronometro/Laboratorio1/software/led_example_bsp/\libhal_bsp.a(alt_dcache_flush_all.o)
                0x00000000000003d8                alt_dcache_flush_all
 .text          0x00000000000003dc        0x0 d:/Quartus/Cronometro/Laboratorio1/software/led_example_bsp/\libhal_bsp.a(alt_exception_entry.o)
 .text          0x00000000000003dc        0x4 d:/Quartus/Cronometro/Laboratorio1/software/led_example_bsp/\libhal_bsp.a(alt_icache_flush_all.o)
                0x00000000000003dc                alt_icache_flush_all
 .text          0x00000000000003e0       0x70 d:/Quartus/Cronometro/Laboratorio1/software/led_example_bsp/\libhal_bsp.a(alt_instruction_exception_entry.o)
                0x00000000000003e0                alt_exception_cause_generated_bad_addr
 .text          0x0000000000000450        0x8 d:/Quartus/Cronometro/Laboratorio1/software/led_example_bsp/\libhal_bsp.a(altera_nios2_gen2_irq.o)
                0x0000000000000450                altera_nios2_gen2_irq_init
 .text          0x0000000000000458        0x0 d:/quartus/exec/nios2eds/bin/gnu/h-x86_64-mingw32/bin/../lib/gcc/nios2-elf/10.1.1/../../../../../H-x86_64-mingw32/nios2-elf/lib/mno-hw-mul\libsmallc.a(lib_a-memcpy.o)
 .text.memcpy   0x0000000000000458       0x28 d:/quartus/exec/nios2eds/bin/gnu/h-x86_64-mingw32/bin/../lib/gcc/nios2-elf/10.1.1/../../../../../H-x86_64-mingw32/nios2-elf/lib/mno-hw-mul\libsmallc.a(lib_a-memcpy.o)
                0x0000000000000458                memcpy
 *(.gnu.warning.*)
 *(.fini)
                [!provide]                        PROVIDE (__etext = ABSOLUTE (.))
                [!provide]                        PROVIDE (_etext = ABSOLUTE (.))
                [!provide]                        PROVIDE (etext = ABSOLUTE (.))
 *(.eh_frame_hdr)
                0x0000000000000480                . = ALIGN (0x4)
                [!provide]                        PROVIDE (__preinit_array_start = ABSOLUTE (.))
 *(.preinit_array)
                [!provide]                        PROVIDE (__preinit_array_end = ABSOLUTE (.))
                [!provide]                        PROVIDE (__init_array_start = ABSOLUTE (.))
 *(.init_array)
                [!provide]                        PROVIDE (__init_array_end = ABSOLUTE (.))
                [!provide]                        PROVIDE (__fini_array_start = ABSOLUTE (.))
 *(.fini_array)
                [!provide]                        PROVIDE (__fini_array_end = ABSOLUTE (.))
 *(.eh_frame)
 *(.gcc_except_table .gcc_except_table.*)
 *(.dynamic)
                [!provide]                        PROVIDE (__CTOR_LIST__ = ABSOLUTE (.))
 *(.ctors)
 *(SORT_BY_NAME(.ctors.*))
                [!provide]                        PROVIDE (__CTOR_END__ = ABSOLUTE (.))
                [!provide]                        PROVIDE (__DTOR_LIST__ = ABSOLUTE (.))
 *(.dtors)
 *(SORT_BY_NAME(.dtors.*))
                [!provide]                        PROVIDE (__DTOR_END__ = ABSOLUTE (.))
 *(.jcr)
                0x0000000000000480                . = ALIGN (0x4)

.rodata         0x0000000000001000        0x0 load address 0x0000000000000480
                0x0000000000001000                PROVIDE (__ram_rodata_start = ABSOLUTE (.))
                0x0000000000001000                . = ALIGN (0x4)
 *(.rodata .rodata.* .gnu.linkonce.r.*)
 *(.rodata1)
                0x0000000000001000                . = ALIGN (0x4)
                0x0000000000001000                PROVIDE (__ram_rodata_end = ABSOLUTE (.))
                0x0000000000000480                PROVIDE (__flash_rodata_start = LOADADDR (.rodata))

.rwdata         0x0000000000001000        0x4 load address 0x0000000000000480
                0x0000000000001000                PROVIDE (__ram_rwdata_start = ABSOLUTE (.))
                0x0000000000001000                . = ALIGN (0x4)
 *(.got.plt)
 *(.got)
 *(.data1)
 *(.data .data.* .gnu.linkonce.d.*)
 .data          0x0000000000001000        0x0 d:/Quartus/Cronometro/Laboratorio1/software/led_example_bsp//obj/HAL/src/crt0.o
 .data          0x0000000000001000        0x0 obj/default/hello_world_small.o
 .data          0x0000000000001000        0x0 d:/Quartus/Cronometro/Laboratorio1/software/led_example_bsp/\libhal_bsp.a(alt_iic.o)
 .data          0x0000000000001000        0x0 d:/Quartus/Cronometro/Laboratorio1/software/led_example_bsp/\libhal_bsp.a(alt_iic_isr_register.o)
 .data          0x0000000000001000        0x0 d:/Quartus/Cronometro/Laboratorio1/software/led_example_bsp/\libhal_bsp.a(alt_irq_entry.o)
 .data          0x0000000000001000        0x0 d:/Quartus/Cronometro/Laboratorio1/software/led_example_bsp/\libhal_bsp.a(alt_irq_handler.o)
 .data          0x0000000000001000        0x0 d:/Quartus/Cronometro/Laboratorio1/software/led_example_bsp/\libhal_bsp.a(alt_irq_vars.o)
 .data          0x0000000000001000        0x0 d:/Quartus/Cronometro/Laboratorio1/software/led_example_bsp/\libhal_bsp.a(alt_load.o)
 .data          0x0000000000001000        0x0 d:/Quartus/Cronometro/Laboratorio1/software/led_example_bsp/\libhal_bsp.a(alt_main.o)
 .data          0x0000000000001000        0x0 d:/Quartus/Cronometro/Laboratorio1/software/led_example_bsp/\libhal_bsp.a(alt_sys_init.o)
 .data          0x0000000000001000        0x0 d:/Quartus/Cronometro/Laboratorio1/software/led_example_bsp/\libhal_bsp.a(alt_dcache_flush_all.o)
 .data          0x0000000000001000        0x0 d:/Quartus/Cronometro/Laboratorio1/software/led_example_bsp/\libhal_bsp.a(alt_exception_entry.o)
 .data          0x0000000000001000        0x0 d:/Quartus/Cronometro/Laboratorio1/software/led_example_bsp/\libhal_bsp.a(alt_icache_flush_all.o)
 .data          0x0000000000001000        0x0 d:/Quartus/Cronometro/Laboratorio1/software/led_example_bsp/\libhal_bsp.a(alt_instruction_exception_entry.o)
 .data          0x0000000000001000        0x0 d:/Quartus/Cronometro/Laboratorio1/software/led_example_bsp/\libhal_bsp.a(altera_nios2_gen2_irq.o)
 .data          0x0000000000001000        0x0 d:/quartus/exec/nios2eds/bin/gnu/h-x86_64-mingw32/bin/../lib/gcc/nios2-elf/10.1.1/../../../../../H-x86_64-mingw32/nios2-elf/lib/mno-hw-mul\libsmallc.a(lib_a-memcpy.o)
                0x0000000000009000                _gp = ABSOLUTE ((. + 0x8000))
                [!provide]                        PROVIDE (gp = _gp)
 *(.rwdata .rwdata.*)
 *(.sdata .sdata.* .gnu.linkonce.s.*)
 .sdata         0x0000000000001000        0x4 d:/Quartus/Cronometro/Laboratorio1/software/led_example_bsp/\libhal_bsp.a(alt_irq_vars.o)
                0x0000000000001000                alt_priority_mask
 *(.sdata2 .sdata2.* .gnu.linkonce.s2.*)
                0x0000000000001004                . = ALIGN (0x4)
                0x0000000000001004                _edata = ABSOLUTE (.)
                [!provide]                        PROVIDE (edata = ABSOLUTE (.))
                0x0000000000001004                PROVIDE (__ram_rwdata_end = ABSOLUTE (.))
                0x0000000000000480                PROVIDE (__flash_rwdata_start = LOADADDR (.rwdata))

.bss            0x0000000000001004      0x118 load address 0x0000000000000484
                0x0000000000001004                __bss_start = ABSOLUTE (.)
                [!provide]                        PROVIDE (__sbss_start = ABSOLUTE (.))
                [!provide]                        PROVIDE (___sbss_start = ABSOLUTE (.))
 *(.dynsbss)
 *(.sbss .sbss.* .gnu.linkonce.sb.*)
 .sbss          0x0000000000001004        0x4 obj/default/hello_world_small.o
 .sbss          0x0000000000001008        0x4 d:/Quartus/Cronometro/Laboratorio1/software/led_example_bsp/\libhal_bsp.a(alt_irq_vars.o)
                0x0000000000001008                alt_irq_active
 .sbss          0x000000000000100c        0xc d:/Quartus/Cronometro/Laboratorio1/software/led_example_bsp/\libhal_bsp.a(alt_main.o)
                0x000000000000100c                alt_envp
                0x0000000000001010                alt_argv
                0x0000000000001014                alt_argc
 .sbss          0x0000000000001018        0x4 d:/Quartus/Cronometro/Laboratorio1/software/led_example_bsp/\libhal_bsp.a(alt_instruction_exception_entry.o)
                0x0000000000001018                alt_instruction_exception_handler
 *(.sbss2 .sbss2.* .gnu.linkonce.sb2.*)
 *(.scommon)
                [!provide]                        PROVIDE (__sbss_end = ABSOLUTE (.))
                [!provide]                        PROVIDE (___sbss_end = ABSOLUTE (.))
 *(.dynbss)
 *(.bss .bss.* .gnu.linkonce.b.*)
 .bss           0x000000000000101c        0x0 d:/Quartus/Cronometro/Laboratorio1/software/led_example_bsp//obj/HAL/src/crt0.o
 .bss           0x000000000000101c        0x0 obj/default/hello_world_small.o
 .bss           0x000000000000101c        0x0 d:/Quartus/Cronometro/Laboratorio1/software/led_example_bsp/\libhal_bsp.a(alt_iic.o)
 .bss           0x000000000000101c        0x0 d:/Quartus/Cronometro/Laboratorio1/software/led_example_bsp/\libhal_bsp.a(alt_iic_isr_register.o)
 .bss           0x000000000000101c        0x0 d:/Quartus/Cronometro/Laboratorio1/software/led_example_bsp/\libhal_bsp.a(alt_irq_entry.o)
 .bss           0x000000000000101c      0x100 d:/Quartus/Cronometro/Laboratorio1/software/led_example_bsp/\libhal_bsp.a(alt_irq_handler.o)
                0x000000000000101c                alt_irq
 .bss           0x000000000000111c        0x0 d:/Quartus/Cronometro/Laboratorio1/software/led_example_bsp/\libhal_bsp.a(alt_irq_vars.o)
 .bss           0x000000000000111c        0x0 d:/Quartus/Cronometro/Laboratorio1/software/led_example_bsp/\libhal_bsp.a(alt_load.o)
 .bss           0x000000000000111c        0x0 d:/Quartus/Cronometro/Laboratorio1/software/led_example_bsp/\libhal_bsp.a(alt_main.o)
 .bss           0x000000000000111c        0x0 d:/Quartus/Cronometro/Laboratorio1/software/led_example_bsp/\libhal_bsp.a(alt_sys_init.o)
 .bss           0x000000000000111c        0x0 d:/Quartus/Cronometro/Laboratorio1/software/led_example_bsp/\libhal_bsp.a(alt_dcache_flush_all.o)
 .bss           0x000000000000111c        0x0 d:/Quartus/Cronometro/Laboratorio1/software/led_example_bsp/\libhal_bsp.a(alt_exception_entry.o)
 .bss           0x000000000000111c        0x0 d:/Quartus/Cronometro/Laboratorio1/software/led_example_bsp/\libhal_bsp.a(alt_icache_flush_all.o)
 .bss           0x000000000000111c        0x0 d:/Quartus/Cronometro/Laboratorio1/software/led_example_bsp/\libhal_bsp.a(alt_instruction_exception_entry.o)
 .bss           0x000000000000111c        0x0 d:/Quartus/Cronometro/Laboratorio1/software/led_example_bsp/\libhal_bsp.a(altera_nios2_gen2_irq.o)
 .bss           0x000000000000111c        0x0 d:/quartus/exec/nios2eds/bin/gnu/h-x86_64-mingw32/bin/../lib/gcc/nios2-elf/10.1.1/../../../../../H-x86_64-mingw32/nios2-elf/lib/mno-hw-mul\libsmallc.a(lib_a-memcpy.o)
 *(COMMON)
                0x000000000000111c                . = ALIGN (0x4)
                0x000000000000111c                __bss_end = ABSOLUTE (.)

.rom_0          0x0000000000000484        0x0
                [!provide]                        PROVIDE (_alt_partition_rom_0_start = ABSOLUTE (.))
 *(.rom_0 .rom_0. rom_0.*)
                0x0000000000000484                . = ALIGN (0x4)
                [!provide]                        PROVIDE (_alt_partition_rom_0_end = ABSOLUTE (.))
                [!provide]                        PROVIDE (_alt_partition_rom_0_load_addr = LOADADDR (.rom_0))

.ram_0          0x000000000000111c        0x0 load address 0x0000000000000484
                [!provide]                        PROVIDE (_alt_partition_ram_0_start = ABSOLUTE (.))
 *(.ram_0 .ram_0. ram_0.*)
                0x000000000000111c                . = ALIGN (0x4)
                [!provide]                        PROVIDE (_alt_partition_ram_0_end = ABSOLUTE (.))
                0x000000000000111c                _end = ABSOLUTE (.)
                0x000000000000111c                end = ABSOLUTE (.)
                0x000000000000111c                __alt_stack_base = ABSOLUTE (.)
                [!provide]                        PROVIDE (_alt_partition_ram_0_load_addr = LOADADDR (.ram_0))

.stab
 *(.stab)

.stabstr
 *(.stabstr)

.stab.excl
 *(.stab.excl)

.stab.exclstr
 *(.stab.exclstr)

.stab.index
 *(.stab.index)

.stab.indexstr
 *(.stab.indexstr)

.comment        0x0000000000000000       0x2d
 *(.comment)
 .comment       0x0000000000000000       0x2d obj/default/hello_world_small.o
                                         0x2e (size before relaxing)
 .comment       0x000000000000002d       0x2e d:/Quartus/Cronometro/Laboratorio1/software/led_example_bsp/\libhal_bsp.a(alt_iic.o)
 .comment       0x000000000000002d       0x2e d:/Quartus/Cronometro/Laboratorio1/software/led_example_bsp/\libhal_bsp.a(alt_iic_isr_register.o)
 .comment       0x000000000000002d       0x2e d:/Quartus/Cronometro/Laboratorio1/software/led_example_bsp/\libhal_bsp.a(alt_irq_handler.o)
 .comment       0x000000000000002d       0x2e d:/Quartus/Cronometro/Laboratorio1/software/led_example_bsp/\libhal_bsp.a(alt_irq_vars.o)
 .comment       0x000000000000002d       0x2e d:/Quartus/Cronometro/Laboratorio1/software/led_example_bsp/\libhal_bsp.a(alt_load.o)
 .comment       0x000000000000002d       0x2e d:/Quartus/Cronometro/Laboratorio1/software/led_example_bsp/\libhal_bsp.a(alt_main.o)
 .comment       0x000000000000002d       0x2e d:/Quartus/Cronometro/Laboratorio1/software/led_example_bsp/\libhal_bsp.a(alt_sys_init.o)
 .comment       0x000000000000002d       0x2e d:/Quartus/Cronometro/Laboratorio1/software/led_example_bsp/\libhal_bsp.a(alt_dcache_flush_all.o)
 .comment       0x000000000000002d       0x2e d:/Quartus/Cronometro/Laboratorio1/software/led_example_bsp/\libhal_bsp.a(alt_icache_flush_all.o)
 .comment       0x000000000000002d       0x2e d:/Quartus/Cronometro/Laboratorio1/software/led_example_bsp/\libhal_bsp.a(alt_instruction_exception_entry.o)
 .comment       0x000000000000002d       0x2e d:/Quartus/Cronometro/Laboratorio1/software/led_example_bsp/\libhal_bsp.a(altera_nios2_gen2_irq.o)
 .comment       0x000000000000002d       0x2e d:/quartus/exec/nios2eds/bin/gnu/h-x86_64-mingw32/bin/../lib/gcc/nios2-elf/10.1.1/../../../../../H-x86_64-mingw32/nios2-elf/lib/mno-hw-mul\libsmallc.a(lib_a-memcpy.o)

.debug
 *(.debug)

.line
 *(.line)

.debug_srcinfo
 *(.debug_srcinfo)

.debug_sfnames
 *(.debug_sfnames)

.debug_aranges  0x0000000000000000      0x238
 *(.debug_aranges)
 .debug_aranges
                0x0000000000000000       0x28 d:/Quartus/Cronometro/Laboratorio1/software/led_example_bsp//obj/HAL/src/crt0.o
 .debug_aranges
                0x0000000000000028       0x28 obj/default/hello_world_small.o
 .debug_aranges
                0x0000000000000050       0x20 d:/Quartus/Cronometro/Laboratorio1/software/led_example_bsp/\libhal_bsp.a(alt_iic.o)
 .debug_aranges
                0x0000000000000070       0x20 d:/Quartus/Cronometro/Laboratorio1/software/led_example_bsp/\libhal_bsp.a(alt_iic_isr_register.o)
 .debug_aranges
                0x0000000000000090       0x30 d:/Quartus/Cronometro/Laboratorio1/software/led_example_bsp/\libhal_bsp.a(alt_irq_entry.o)
 .debug_aranges
                0x00000000000000c0       0x20 d:/Quartus/Cronometro/Laboratorio1/software/led_example_bsp/\libhal_bsp.a(alt_irq_handler.o)
 .debug_aranges
                0x00000000000000e0       0x18 d:/Quartus/Cronometro/Laboratorio1/software/led_example_bsp/\libhal_bsp.a(alt_irq_vars.o)
 .debug_aranges
                0x00000000000000f8       0x20 d:/Quartus/Cronometro/Laboratorio1/software/led_example_bsp/\libhal_bsp.a(alt_load.o)
 .debug_aranges
                0x0000000000000118       0x20 d:/Quartus/Cronometro/Laboratorio1/software/led_example_bsp/\libhal_bsp.a(alt_main.o)
 .debug_aranges
                0x0000000000000138       0x20 d:/Quartus/Cronometro/Laboratorio1/software/led_example_bsp/\libhal_bsp.a(alt_sys_init.o)
 .debug_aranges
                0x0000000000000158       0x20 d:/Quartus/Cronometro/Laboratorio1/software/led_example_bsp/\libhal_bsp.a(alt_dcache_flush_all.o)
 .debug_aranges
                0x0000000000000178       0x38 d:/Quartus/Cronometro/Laboratorio1/software/led_example_bsp/\libhal_bsp.a(alt_exception_entry.o)
 .debug_aranges
                0x00000000000001b0       0x20 d:/Quartus/Cronometro/Laboratorio1/software/led_example_bsp/\libhal_bsp.a(alt_icache_flush_all.o)
 .debug_aranges
                0x00000000000001d0       0x28 d:/Quartus/Cronometro/Laboratorio1/software/led_example_bsp/\libhal_bsp.a(alt_instruction_exception_entry.o)
 .debug_aranges
                0x00000000000001f8       0x20 d:/Quartus/Cronometro/Laboratorio1/software/led_example_bsp/\libhal_bsp.a(altera_nios2_gen2_irq.o)
 .debug_aranges
                0x0000000000000218       0x20 d:/quartus/exec/nios2eds/bin/gnu/h-x86_64-mingw32/bin/../lib/gcc/nios2-elf/10.1.1/../../../../../H-x86_64-mingw32/nios2-elf/lib/mno-hw-mul\libsmallc.a(lib_a-memcpy.o)

.debug_pubnames
 *(.debug_pubnames)

.debug_info     0x0000000000000000     0x1347
 *(.debug_info .gnu.linkonce.wi.*)
 .debug_info    0x0000000000000000       0x22 d:/Quartus/Cronometro/Laboratorio1/software/led_example_bsp//obj/HAL/src/crt0.o
 .debug_info    0x0000000000000022      0x112 obj/default/hello_world_small.o
 .debug_info    0x0000000000000134      0x3db d:/Quartus/Cronometro/Laboratorio1/software/led_example_bsp/\libhal_bsp.a(alt_iic.o)
 .debug_info    0x000000000000050f      0x273 d:/Quartus/Cronometro/Laboratorio1/software/led_example_bsp/\libhal_bsp.a(alt_iic_isr_register.o)
 .debug_info    0x0000000000000782       0x22 d:/Quartus/Cronometro/Laboratorio1/software/led_example_bsp/\libhal_bsp.a(alt_irq_entry.o)
 .debug_info    0x00000000000007a4      0x19a d:/Quartus/Cronometro/Laboratorio1/software/led_example_bsp/\libhal_bsp.a(alt_irq_handler.o)
 .debug_info    0x000000000000093e       0x8b d:/Quartus/Cronometro/Laboratorio1/software/led_example_bsp/\libhal_bsp.a(alt_irq_vars.o)
 .debug_info    0x00000000000009c9      0x267 d:/Quartus/Cronometro/Laboratorio1/software/led_example_bsp/\libhal_bsp.a(alt_load.o)
 .debug_info    0x0000000000000c30      0x129 d:/Quartus/Cronometro/Laboratorio1/software/led_example_bsp/\libhal_bsp.a(alt_main.o)
 .debug_info    0x0000000000000d59       0xf1 d:/Quartus/Cronometro/Laboratorio1/software/led_example_bsp/\libhal_bsp.a(alt_sys_init.o)
 .debug_info    0x0000000000000e4a       0x8c d:/Quartus/Cronometro/Laboratorio1/software/led_example_bsp/\libhal_bsp.a(alt_dcache_flush_all.o)
 .debug_info    0x0000000000000ed6       0x22 d:/Quartus/Cronometro/Laboratorio1/software/led_example_bsp/\libhal_bsp.a(alt_exception_entry.o)
 .debug_info    0x0000000000000ef8       0x8c d:/Quartus/Cronometro/Laboratorio1/software/led_example_bsp/\libhal_bsp.a(alt_icache_flush_all.o)
 .debug_info    0x0000000000000f84      0x20f d:/Quartus/Cronometro/Laboratorio1/software/led_example_bsp/\libhal_bsp.a(alt_instruction_exception_entry.o)
 .debug_info    0x0000000000001193       0x8c d:/Quartus/Cronometro/Laboratorio1/software/led_example_bsp/\libhal_bsp.a(altera_nios2_gen2_irq.o)
 .debug_info    0x000000000000121f      0x128 d:/quartus/exec/nios2eds/bin/gnu/h-x86_64-mingw32/bin/../lib/gcc/nios2-elf/10.1.1/../../../../../H-x86_64-mingw32/nios2-elf/lib/mno-hw-mul\libsmallc.a(lib_a-memcpy.o)

.debug_abbrev   0x0000000000000000      0xb79
 *(.debug_abbrev)
 .debug_abbrev  0x0000000000000000       0x12 d:/Quartus/Cronometro/Laboratorio1/software/led_example_bsp//obj/HAL/src/crt0.o
 .debug_abbrev  0x0000000000000012       0xdc obj/default/hello_world_small.o
 .debug_abbrev  0x00000000000000ee      0x1c0 d:/Quartus/Cronometro/Laboratorio1/software/led_example_bsp/\libhal_bsp.a(alt_iic.o)
 .debug_abbrev  0x00000000000002ae      0x1d8 d:/Quartus/Cronometro/Laboratorio1/software/led_example_bsp/\libhal_bsp.a(alt_iic_isr_register.o)
 .debug_abbrev  0x0000000000000486       0x12 d:/Quartus/Cronometro/Laboratorio1/software/led_example_bsp/\libhal_bsp.a(alt_irq_entry.o)
 .debug_abbrev  0x0000000000000498      0x145 d:/Quartus/Cronometro/Laboratorio1/software/led_example_bsp/\libhal_bsp.a(alt_irq_handler.o)
 .debug_abbrev  0x00000000000005dd       0x44 d:/Quartus/Cronometro/Laboratorio1/software/led_example_bsp/\libhal_bsp.a(alt_irq_vars.o)
 .debug_abbrev  0x0000000000000621      0x125 d:/Quartus/Cronometro/Laboratorio1/software/led_example_bsp/\libhal_bsp.a(alt_load.o)
 .debug_abbrev  0x0000000000000746       0xba d:/Quartus/Cronometro/Laboratorio1/software/led_example_bsp/\libhal_bsp.a(alt_main.o)
 .debug_abbrev  0x0000000000000800       0xc7 d:/Quartus/Cronometro/Laboratorio1/software/led_example_bsp/\libhal_bsp.a(alt_sys_init.o)
 .debug_abbrev  0x00000000000008c7       0x44 d:/Quartus/Cronometro/Laboratorio1/software/led_example_bsp/\libhal_bsp.a(alt_dcache_flush_all.o)
 .debug_abbrev  0x000000000000090b       0x12 d:/Quartus/Cronometro/Laboratorio1/software/led_example_bsp/\libhal_bsp.a(alt_exception_entry.o)
 .debug_abbrev  0x000000000000091d       0x44 d:/Quartus/Cronometro/Laboratorio1/software/led_example_bsp/\libhal_bsp.a(alt_icache_flush_all.o)
 .debug_abbrev  0x0000000000000961      0x116 d:/Quartus/Cronometro/Laboratorio1/software/led_example_bsp/\libhal_bsp.a(alt_instruction_exception_entry.o)
 .debug_abbrev  0x0000000000000a77       0x44 d:/Quartus/Cronometro/Laboratorio1/software/led_example_bsp/\libhal_bsp.a(altera_nios2_gen2_irq.o)
 .debug_abbrev  0x0000000000000abb       0xbe d:/quartus/exec/nios2eds/bin/gnu/h-x86_64-mingw32/bin/../lib/gcc/nios2-elf/10.1.1/../../../../../H-x86_64-mingw32/nios2-elf/lib/mno-hw-mul\libsmallc.a(lib_a-memcpy.o)

.debug_line     0x0000000000000000      0xcdf
 *(.debug_line)
 .debug_line    0x0000000000000000       0x66 d:/Quartus/Cronometro/Laboratorio1/software/led_example_bsp//obj/HAL/src/crt0.o
 .debug_line    0x0000000000000066       0xee obj/default/hello_world_small.o
 .debug_line    0x0000000000000154      0x19b d:/Quartus/Cronometro/Laboratorio1/software/led_example_bsp/\libhal_bsp.a(alt_iic.o)
 .debug_line    0x00000000000002ef      0x155 d:/Quartus/Cronometro/Laboratorio1/software/led_example_bsp/\libhal_bsp.a(alt_iic_isr_register.o)
 .debug_line    0x0000000000000444       0x6b d:/Quartus/Cronometro/Laboratorio1/software/led_example_bsp/\libhal_bsp.a(alt_irq_entry.o)
 .debug_line    0x00000000000004af      0x123 d:/Quartus/Cronometro/Laboratorio1/software/led_example_bsp/\libhal_bsp.a(alt_irq_handler.o)
 .debug_line    0x00000000000005d2       0x50 d:/Quartus/Cronometro/Laboratorio1/software/led_example_bsp/\libhal_bsp.a(alt_irq_vars.o)
 .debug_line    0x0000000000000622      0x101 d:/Quartus/Cronometro/Laboratorio1/software/led_example_bsp/\libhal_bsp.a(alt_load.o)
 .debug_line    0x0000000000000723       0xe0 d:/Quartus/Cronometro/Laboratorio1/software/led_example_bsp/\libhal_bsp.a(alt_main.o)
 .debug_line    0x0000000000000803       0xb0 d:/Quartus/Cronometro/Laboratorio1/software/led_example_bsp/\libhal_bsp.a(alt_sys_init.o)
 .debug_line    0x00000000000008b3       0x53 d:/Quartus/Cronometro/Laboratorio1/software/led_example_bsp/\libhal_bsp.a(alt_dcache_flush_all.o)
 .debug_line    0x0000000000000906       0xb3 d:/Quartus/Cronometro/Laboratorio1/software/led_example_bsp/\libhal_bsp.a(alt_exception_entry.o)
 .debug_line    0x00000000000009b9       0x51 d:/Quartus/Cronometro/Laboratorio1/software/led_example_bsp/\libhal_bsp.a(alt_icache_flush_all.o)
 .debug_line    0x0000000000000a0a       0xee d:/Quartus/Cronometro/Laboratorio1/software/led_example_bsp/\libhal_bsp.a(alt_instruction_exception_entry.o)
 .debug_line    0x0000000000000af8       0x5a d:/Quartus/Cronometro/Laboratorio1/software/led_example_bsp/\libhal_bsp.a(altera_nios2_gen2_irq.o)
 .debug_line    0x0000000000000b52      0x18d d:/quartus/exec/nios2eds/bin/gnu/h-x86_64-mingw32/bin/../lib/gcc/nios2-elf/10.1.1/../../../../../H-x86_64-mingw32/nios2-elf/lib/mno-hw-mul\libsmallc.a(lib_a-memcpy.o)

.debug_frame    0x0000000000000000      0x238
 *(.debug_frame)
 .debug_frame   0x0000000000000000       0x38 obj/default/hello_world_small.o
 .debug_frame   0x0000000000000038       0x50 d:/Quartus/Cronometro/Laboratorio1/software/led_example_bsp/\libhal_bsp.a(alt_iic.o)
 .debug_frame   0x0000000000000088       0x38 d:/Quartus/Cronometro/Laboratorio1/software/led_example_bsp/\libhal_bsp.a(alt_iic_isr_register.o)
 .debug_frame   0x00000000000000c0       0x34 d:/Quartus/Cronometro/Laboratorio1/software/led_example_bsp/\libhal_bsp.a(alt_irq_handler.o)
 .debug_frame   0x00000000000000f4       0x2c d:/Quartus/Cronometro/Laboratorio1/software/led_example_bsp/\libhal_bsp.a(alt_load.o)
 .debug_frame   0x0000000000000120       0x2c d:/Quartus/Cronometro/Laboratorio1/software/led_example_bsp/\libhal_bsp.a(alt_main.o)
 .debug_frame   0x000000000000014c       0x3c d:/Quartus/Cronometro/Laboratorio1/software/led_example_bsp/\libhal_bsp.a(alt_sys_init.o)
 .debug_frame   0x0000000000000188       0x20 d:/Quartus/Cronometro/Laboratorio1/software/led_example_bsp/\libhal_bsp.a(alt_dcache_flush_all.o)
 .debug_frame   0x00000000000001a8       0x20 d:/Quartus/Cronometro/Laboratorio1/software/led_example_bsp/\libhal_bsp.a(alt_icache_flush_all.o)
 .debug_frame   0x00000000000001c8       0x30 d:/Quartus/Cronometro/Laboratorio1/software/led_example_bsp/\libhal_bsp.a(alt_instruction_exception_entry.o)
 .debug_frame   0x00000000000001f8       0x20 d:/Quartus/Cronometro/Laboratorio1/software/led_example_bsp/\libhal_bsp.a(altera_nios2_gen2_irq.o)
 .debug_frame   0x0000000000000218       0x20 d:/quartus/exec/nios2eds/bin/gnu/h-x86_64-mingw32/bin/../lib/gcc/nios2-elf/10.1.1/../../../../../H-x86_64-mingw32/nios2-elf/lib/mno-hw-mul\libsmallc.a(lib_a-memcpy.o)

.debug_str      0x0000000000000000      0xb4d
 *(.debug_str)
 .debug_str     0x0000000000000000       0x5a d:/Quartus/Cronometro/Laboratorio1/software/led_example_bsp//obj/HAL/src/crt0.o
 .debug_str     0x000000000000005a      0x119 obj/default/hello_world_small.o
                                        0x15a (size before relaxing)
 .debug_str     0x0000000000000173      0x104 d:/Quartus/Cronometro/Laboratorio1/software/led_example_bsp/\libhal_bsp.a(alt_iic.o)
                                        0x244 (size before relaxing)
 .debug_str     0x0000000000000277       0x37 d:/Quartus/Cronometro/Laboratorio1/software/led_example_bsp/\libhal_bsp.a(alt_iic_isr_register.o)
                                        0x210 (size before relaxing)
 .debug_str     0x00000000000002ae       0x18 d:/Quartus/Cronometro/Laboratorio1/software/led_example_bsp/\libhal_bsp.a(alt_irq_entry.o)
                                         0x63 (size before relaxing)
 .debug_str     0x00000000000002c6       0x3a d:/Quartus/Cronometro/Laboratorio1/software/led_example_bsp/\libhal_bsp.a(alt_irq_handler.o)
                                        0x19a (size before relaxing)
 .debug_str     0x0000000000000300       0x29 d:/Quartus/Cronometro/Laboratorio1/software/led_example_bsp/\libhal_bsp.a(alt_irq_vars.o)
                                        0x146 (size before relaxing)
 .debug_str     0x0000000000000329      0x124 d:/Quartus/Cronometro/Laboratorio1/software/led_example_bsp/\libhal_bsp.a(alt_load.o)
                                        0x257 (size before relaxing)
 .debug_str     0x000000000000044d       0x5e d:/Quartus/Cronometro/Laboratorio1/software/led_example_bsp/\libhal_bsp.a(alt_main.o)
                                        0x187 (size before relaxing)
 .debug_str     0x00000000000004ab       0x4d d:/Quartus/Cronometro/Laboratorio1/software/led_example_bsp/\libhal_bsp.a(alt_sys_init.o)
                                        0x18b (size before relaxing)
 .debug_str     0x00000000000004f8       0x1f d:/Quartus/Cronometro/Laboratorio1/software/led_example_bsp/\libhal_bsp.a(alt_dcache_flush_all.o)
                                        0x158 (size before relaxing)
 .debug_str     0x0000000000000517       0x1e d:/Quartus/Cronometro/Laboratorio1/software/led_example_bsp/\libhal_bsp.a(alt_exception_entry.o)
                                         0x69 (size before relaxing)
 .debug_str     0x0000000000000535       0x1f d:/Quartus/Cronometro/Laboratorio1/software/led_example_bsp/\libhal_bsp.a(alt_icache_flush_all.o)
                                        0x158 (size before relaxing)
 .debug_str     0x0000000000000554      0x48b d:/Quartus/Cronometro/Laboratorio1/software/led_example_bsp/\libhal_bsp.a(alt_instruction_exception_entry.o)
                                        0x5ac (size before relaxing)
 .debug_str     0x00000000000009df       0x20 d:/Quartus/Cronometro/Laboratorio1/software/led_example_bsp/\libhal_bsp.a(altera_nios2_gen2_irq.o)
                                        0x15f (size before relaxing)
 .debug_str     0x00000000000009ff      0x14e d:/quartus/exec/nios2eds/bin/gnu/h-x86_64-mingw32/bin/../lib/gcc/nios2-elf/10.1.1/../../../../../H-x86_64-mingw32/nios2-elf/lib/mno-hw-mul\libsmallc.a(lib_a-memcpy.o)
                                        0x1ea (size before relaxing)

.debug_loc      0x0000000000000000      0x6af
 *(.debug_loc)
 .debug_loc     0x0000000000000000      0x205 d:/Quartus/Cronometro/Laboratorio1/software/led_example_bsp/\libhal_bsp.a(alt_iic.o)
 .debug_loc     0x0000000000000205      0x23c d:/Quartus/Cronometro/Laboratorio1/software/led_example_bsp/\libhal_bsp.a(alt_iic_isr_register.o)
 .debug_loc     0x0000000000000441       0xac d:/Quartus/Cronometro/Laboratorio1/software/led_example_bsp/\libhal_bsp.a(alt_irq_handler.o)
 .debug_loc     0x00000000000004ed       0x25 d:/Quartus/Cronometro/Laboratorio1/software/led_example_bsp/\libhal_bsp.a(alt_sys_init.o)
 .debug_loc     0x0000000000000512       0x73 d:/Quartus/Cronometro/Laboratorio1/software/led_example_bsp/\libhal_bsp.a(alt_instruction_exception_entry.o)
 .debug_loc     0x0000000000000585      0x12a d:/quartus/exec/nios2eds/bin/gnu/h-x86_64-mingw32/bin/../lib/gcc/nios2-elf/10.1.1/../../../../../H-x86_64-mingw32/nios2-elf/lib/mno-hw-mul\libsmallc.a(lib_a-memcpy.o)

.debug_macinfo
 *(.debug_macinfo)

.debug_weaknames
 *(.debug_weaknames)

.debug_funcnames
 *(.debug_funcnames)

.debug_typenames
 *(.debug_typenames)

.debug_varnames
 *(.debug_varnames)

.debug_alt_sim_info
                0x0000000000000000       0x10
 *(.debug_alt_sim_info)
 .debug_alt_sim_info
                0x0000000000000000       0x10 d:/Quartus/Cronometro/Laboratorio1/software/led_example_bsp//obj/HAL/src/crt0.o
                0x0000000000002000                __alt_data_end = 0x2000
                0x0000000000002000                PROVIDE (__alt_stack_pointer = __alt_data_end)
                [!provide]                        PROVIDE (__alt_stack_limit = __alt_stack_base)
                [!provide]                        PROVIDE (__alt_heap_start = end)
                [!provide]                        PROVIDE (__alt_heap_limit = 0x2000)
OUTPUT(led_example.elf elf32-littlenios2)
LOAD linker stubs

.debug_ranges   0x0000000000000000      0x128
 .debug_ranges  0x0000000000000000       0x20 d:/Quartus/Cronometro/Laboratorio1/software/led_example_bsp//obj/HAL/src/crt0.o
 .debug_ranges  0x0000000000000020       0x18 obj/default/hello_world_small.o
 .debug_ranges  0x0000000000000038       0x18 d:/Quartus/Cronometro/Laboratorio1/software/led_example_bsp/\libhal_bsp.a(alt_iic_isr_register.o)
 .debug_ranges  0x0000000000000050       0x28 d:/Quartus/Cronometro/Laboratorio1/software/led_example_bsp/\libhal_bsp.a(alt_irq_entry.o)
 .debug_ranges  0x0000000000000078       0x28 d:/Quartus/Cronometro/Laboratorio1/software/led_example_bsp/\libhal_bsp.a(alt_irq_handler.o)
 .debug_ranges  0x00000000000000a0       0x30 d:/Quartus/Cronometro/Laboratorio1/software/led_example_bsp/\libhal_bsp.a(alt_load.o)
 .debug_ranges  0x00000000000000d0       0x30 d:/Quartus/Cronometro/Laboratorio1/software/led_example_bsp/\libhal_bsp.a(alt_exception_entry.o)
 .debug_ranges  0x0000000000000100       0x18 d:/Quartus/Cronometro/Laboratorio1/software/led_example_bsp/\libhal_bsp.a(alt_instruction_exception_entry.o)
 .debug_ranges  0x0000000000000118       0x10 d:/quartus/exec/nios2eds/bin/gnu/h-x86_64-mingw32/bin/../lib/gcc/nios2-elf/10.1.1/../../../../../H-x86_64-mingw32/nios2-elf/lib/mno-hw-mul\libsmallc.a(lib_a-memcpy.o)
